Loading territory polygons ...
  39928 polygons, crs=EPSG:4326
[1/176] 201201: 11 points
[2/176] 201202: 13 points
[3/176] 201203: 15 points
[4/176] 201204: 7 points
[5/176] 201205: 36 points
[6/176] 201206: 37 points
[7/176] 201207: 17 points
[8/176] 201208: 38 points
[9/176] 201209: 29 points
[10/176] 201210: 62 points
[11/176] 201211: 147 points
[12/176] 201212: 372 points
[13/176] 201301: 17,357 points
[14/176] 201302: 18,165 points
[15/176] 201303: 21,812 points
[16/176] 201304: 29,215 points
[17/176] 201305: 31,414 points
[18/176] 201306: 31,757 points
[19/176] 201307: 63,852 points
[20/176] 201308: 58,702 points
[21/176] 201309: 60,142 points
[22/176] 201310: 66,151 points
[23/176] 201311: 54,554 points
[24/176] 201312: 45,574 points
[25/176] 201401: 54,959 points
[26/176] 201402: 52,415 points
[27/176] 201403: 60,054 points
[28/176] 201404: 67,985 points
[29/176] 201405: 67,186 points
[30/176] 201406: 68,699 points
[31/176] 201407: 110,846 points
[32/176] 201408: 105,754 points
[33/176] 201409: 103,830 points
[34/176] 201410: 116,109 points
[35/176] 201411: 95,904 points
[36/176] 201412: 78,789 points
[37/176] 201501: 123,230 points
[38/176] 201502: 126,323 points
[39/176] 201503: 150,084 points
[40/176] 201504: 149,264 points
[41/176] 201505: 140,844 points
[42/176] 201506: 133,901 points
[43/176] 201507: 132,621 points
[44/176] 201508: 115,045 points
[45/176] 201509: 123,761 points
[46/176] 201510: 120,928 points
[47/176] 201511: 115,665 points
[48/176] 201512: 97,107 points
[49/176] 201601: 123,057 points
[50/176] 201602: 144,894 points
[51/176] 201603: 162,960 points
[52/176] 201604: 143,469 points
[53/176] 201605: 146,347 points
[54/176] 201606: 139,866 points
[55/176] 201607: 133,956 points
[56/176] 201608: 163,987 points
[57/176] 201609: 142,003 points
[58/176] 201610: 125,691 points
[59/176] 201611: 123,423 points
[60/176] 201612: 93,810 points
[61/176] 201701: 117,314 points
[62/176] 201702: 126,231 points
[63/176] 201703: 153,083 points
[64/176] 201704: 131,968 points
[65/176] 201705: 140,090 points
[66/176] 201706: 128,908 points
[67/176] 201707: 118,635 points
[68/176] 201708: 130,492 points
[69/176] 201709: 116,115 points
[70/176] 201710: 125,395 points
[71/176] 201711: 120,041 points
[72/176] 201712: 86,438 points
[73/176] 201801: 134,601 points
[74/176] 201802: 125,146 points
[75/176] 201803: 139,511 points
[76/176] 201804: 133,750 points
[77/176] 201805: 133,243 points
[78/176] 201806: 126,758 points
[79/176] 201807: 123,838 points
[80/176] 201808: 126,272 points
[81/176] 201809: 114,232 points
[82/176] 201810: 131,725 points
[83/176] 201811: 120,815 points
[84/176] 201812: 81,763 points
[85/176] 201901: 123,198 points
[86/176] 201902: 127,881 points
[87/176] 201903: 135,295 points
[88/176] 201904: 137,299 points
[89/176] 201905: 127,734 points
[90/176] 201906: 118,300 points
[91/176] 201907: 125,552 points
[92/176] 201908: 124,496 points
[93/176] 201909: 114,516 points
[94/176] 201910: 123,555 points
[95/176] 201911: 111,228 points
[96/176] 201912: 84,786 points
[97/176] 202001: 124,182 points
[98/176] 202002: 121,023 points
[99/176] 202003: 74,799 points
[100/176] 202004: 74,879 points
[101/176] 202005: 95,478 points
[102/176] 202006: 116,454 points
[103/176] 202007: 118,050 points
[104/176] 202008: 107,651 points
[105/176] 202009: 102,851 points
[106/176] 202010: 95,564 points
[107/176] 202011: 98,933 points
[108/176] 202012: 78,424 points
[109/176] 202101: 88,871 points
[110/176] 202102: 88,266 points
[111/176] 202103: 94,664 points
[112/176] 202104: 106,979 points
[113/176] 202105: 109,876 points
[114/176] 202106: 113,192 points
[115/176] 202107: 106,648 points
[116/176] 202108: 108,448 points
[117/176] 202109: 107,825 points
[118/176] 202110: 107,094 points
[119/176] 202111: 103,184 points
[120/176] 202112: 90,576 points
[121/176] 202201: 112,619 points
[122/176] 202202: 114,593 points
[123/176] 202203: 129,290 points
[124/176] 202204: 127,585 points
[125/176] 202205: 131,806 points
[126/176] 202206: 127,434 points
[127/176] 202207: 117,379 points
[128/176] 202208: 126,234 points
[129/176] 202209: 118,343 points
[130/176] 202210: 114,365 points
[131/176] 202211: 111,371 points
[132/176] 202212: 83,871 points
[133/176] 202301: 126,530 points
[134/176] 202302: 126,909 points
[135/176] 202303: 146,825 points
[136/176] 202304: 131,006 points
[137/176] 202305: 138,833 points
[138/176] 202306: 136,265 points
[139/176] 202307: 125,546 points
[140/176] 202308: 134,729 points
[141/176] 202309: 122,657 points
[142/176] 202310: 121,341 points
[143/176] 202311: 110,786 points
[144/176] 202312: 80,392 points
[145/176] 202401: 115,533 points
[146/176] 202402: 123,158 points
[147/176] 202403: 127,272 points
[148/176] 202404: 127,628 points
[149/176] 202405: 127,289 points
[150/176] 202406: 113,662 points
[151/176] 202407: 122,978 points
[152/176] 202408: 119,726 points
[153/176] 202409: 106,396 points
[154/176] 202410: 120,515 points
[155/176] 202411: 93,655 points
[156/176] 202412: 82,002 points
[157/176] 202501: 118,070 points
[158/176] 202502: 112,829 points
[159/176] 202503: 125,577 points
[160/176] 202504: 132,513 points
[161/176] 202505: 121,309 points
[162/176] 202506: 117,208 points
[163/176] 202507: 122,522 points
[164/176] 202508: 114,329 points
[165/176] 202509: 112,697 points
[166/176] 202510: 117,276 points
[167/176] 202511: 101,539 points
[168/176] 202512: 81,319 points
[169/176] 202601: 105,639 points
[170/176] 202602: 110,446 points
[171/176] 202603: 126,805 points
[172/176] 202604: 138,293 points
[173/176] 202605: 128,713 points
[174/176] 202606: 127,691 points
[175/176] 202607: 128,319 points
[176/176] 202608: 61,868 points

Done. months_written=176 skipped=0 points_written=18,129,845
